AR parte_1_y_2 behavioral "H:/Users/Alicia Espigares/Creciendo como ingeniera/Programming programes/VHDL/Practicando 1/Practica2_Alicia/Practica.vhd" sub00/vhpl01 1565956465
EN parte_1_y_2 NULL "H:/Users/Alicia Espigares/Creciendo como ingeniera/Programming programes/VHDL/Practicando 1/Practica2_Alicia/Practica.vhd" sub00/vhpl00 1565956464
EN parte3 NULL "H:/Users/Alicia Espigares/Creciendo como ingeniera/Programming programes/VHDL/Practicando 1/Practica2_Alicia/Parte3.vhd" sub00/vhpl02 1565958889
AR parte3 behavioral "H:/Users/Alicia Espigares/Creciendo como ingeniera/Programming programes/VHDL/Practicando 1/Practica2_Alicia/Parte3.vhd" sub00/vhpl03 1565958890
