EN practica NULL "H:/Users/Alicia Espigares/Creciendo como ingeniera/Programming programes/VHDL/Practicando 1/Practica1_Alicia/practica.vhd" sub00/vhpl00 1565949569
AR practica behavioral "H:/Users/Alicia Espigares/Creciendo como ingeniera/Programming programes/VHDL/Practicando 1/Practica1_Alicia/practica.vhd" sub00/vhpl01 1565949570
