V3 3
FL "H:/Users/Alicia Espigares/Creciendo como ingeniera/Programming programes/VHDL/Practicando 1/Practica1_Alicia/practica.vhd" 2019/08/16.11:57:21 P.20131013
EN work/practica 1565949569 \
      FL "H:/Users/Alicia Espigares/Creciendo como ingeniera/Programming programes/VHDL/Practicando 1/Practica1_Alicia/practica.vhd" \
      PB ieee/std_logic_1164 1381692176 PB ieee/STD_LOGIC_UNSIGNED 1381692179
AR work/practica/Behavioral 1565949570 \
      FL "H:/Users/Alicia Espigares/Creciendo como ingeniera/Programming programes/VHDL/Practicando 1/Practica1_Alicia/practica.vhd" \
      EN work/practica 1565949569
