AR p2 behavioral "H:/Users/Alicia Espigares/Creciendo como ingeniera/Programming programes/VHDL/Ejercicios Clase/Practica4_testbench/Codigo.vhd" sub00/vhpl04 1567683230
EN codigo NULL "H:/Users/Alicia Espigares/Creciendo como ingeniera/Programming programes/VHDL/Ejercicios Clase/Practica4_testbench/Codigo.vhd" sub00/vhpl00 1567683952
AR practica4_1 behavioral "H:/Users/Alicia Espigares/Creciendo como ingeniera/Programming programes/VHDL/Ejercicios Clase/Practica4_testbench/Codigo.vhd" sub00/vhpl02 1567683112
EN p2 NULL "H:/Users/Alicia Espigares/Creciendo como ingeniera/Programming programes/VHDL/Ejercicios Clase/Practica4_testbench/Codigo.vhd" sub00/vhpl03 1567683229
AR codigo behavioral "H:/Users/Alicia Espigares/Creciendo como ingeniera/Programming programes/VHDL/Ejercicios Clase/Practica4_testbench/Codigo.vhd" sub00/vhpl05 1567683953
EN practica4_1 NULL "H:/Users/Alicia Espigares/Creciendo como ingeniera/Programming programes/VHDL/Ejercicios Clase/Practica4_testbench/Codigo.vhd" sub00/vhpl01 1567683111
